2020-03-31 18:08:49,162 - mylogger - DEBUG - logger1 debug message
2020-03-31 18:08:49,162 - mylogger - INFO - logger1 info message
2020-03-31 18:08:49,162 - mylogger - WARNING - logger1 warning message
2020-03-31 18:08:49,162 - mylogger - ERROR - logger1 error message
2020-03-31 18:08:49,162 - mylogger - CRITICAL - logger1 critical message
2020-03-31 18:09:43,836 - mylogger - DEBUG - logger1 debug message
2020-03-31 18:09:43,836 - mylogger - INFO - logger1 info message
2020-03-31 18:09:43,836 - mylogger - WARNING - logger1 warning message
2020-03-31 18:09:43,836 - mylogger - ERROR - logger1 error message
2020-03-31 18:09:43,836 - mylogger - CRITICAL - logger1 critical message
2020-03-31 18:10:25,990 - mylogger - DEBUG - logger1 debug message
2020-03-31 18:10:25,990 - mylogger - INFO - logger1 info message
2020-03-31 18:10:25,990 - mylogger - WARNING - logger1 warning message
2020-03-31 18:10:25,990 - mylogger - ERROR - logger1 error message
2020-03-31 18:10:25,990 - mylogger - CRITICAL - logger1 critical message
2020-03-31 18:11:05,075 - mylogger - DEBUG - logger1 debug message
2020-03-31 18:11:05,075 - mylogger - INFO - logger1 info message
2020-03-31 18:11:05,075 - mylogger - WARNING - logger1 warning message
2020-03-31 18:11:05,075 - mylogger - ERROR - logger1 error message
2020-03-31 18:11:05,075 - mylogger - CRITICAL - logger1 critical message
2020-03-31 18:12:26,425 - mylogger - DEBUG - logger1 debug message
2020-03-31 18:12:26,425 - mylogger - INFO - logger1 info message
2020-03-31 18:12:26,425 - mylogger - WARNING - logger1 warning message
2020-03-31 18:12:26,426 - mylogger - ERROR - logger1 error message
2020-03-31 18:12:26,426 - mylogger - CRITICAL - logger1 critical message
2020-03-31 18:14:59,997 - mylogger - DEBUG - logger1 debug message
2020-03-31 18:14:59,997 - mylogger - INFO - logger1 info message
2020-03-31 18:14:59,997 - mylogger - WARNING - logger1 warning message
2020-03-31 18:14:59,997 - mylogger - ERROR - logger1 error message
2020-03-31 18:14:59,997 - mylogger - CRITICAL - logger1 critical message
2020-03-31 18:15:29,453 - mylogger - DEBUG - logger1 debug message
2020-03-31 18:15:29,453 - mylogger - INFO - logger1 info message
2020-03-31 18:15:29,453 - mylogger - WARNING - logger1 warning message
2020-03-31 18:15:29,453 - mylogger - ERROR - logger1 error message
2020-03-31 18:15:29,453 - mylogger - CRITICAL - logger1 critical message
2020-03-31 18:16:28,141 - mylogger - DEBUG - logger1 debug message
2020-03-31 18:16:28,141 - mylogger - INFO - logger1 info message
2020-03-31 18:16:28,142 - mylogger - WARNING - logger1 warning message
2020-03-31 18:16:28,142 - mylogger - ERROR - logger1 error message
2020-03-31 18:16:28,142 - mylogger - CRITICAL - logger1 critical message
2020-03-31 18:16:49,875 - mylogger - DEBUG - logger1 debug message
2020-03-31 18:16:49,875 - mylogger - INFO - logger1 info message
2020-03-31 18:16:49,875 - mylogger - WARNING - logger1 warning message
2020-03-31 18:16:49,875 - mylogger - ERROR - logger1 error message
2020-03-31 18:16:49,875 - mylogger - CRITICAL - logger1 critical message
2020-03-31 18:17:33,555 - mylogger - DEBUG - logger1 debug message
2020-03-31 18:17:33,555 - mylogger - INFO - logger1 info message
2020-03-31 18:17:33,555 - mylogger - WARNING - logger1 warning message
2020-03-31 18:17:33,555 - mylogger - ERROR - logger1 error message
2020-03-31 18:17:33,555 - mylogger - CRITICAL - logger1 critical message
2020-03-31 18:20:30,996 - mylogger - DEBUG - logger1 debug message
2020-03-31 18:20:30,996 - mylogger - INFO - logger1 info message
2020-03-31 18:20:30,996 - mylogger - WARNING - logger1 warning message
2020-03-31 18:20:30,996 - mylogger - ERROR - logger1 error message
2020-03-31 18:20:30,997 - mylogger - CRITICAL - logger1 critical message
2020-03-31 18:21:38,930 - mylogger - DEBUG - logger1 debug message
2020-03-31 18:21:38,931 - mylogger - INFO - logger1 info message
2020-03-31 18:21:38,931 - mylogger - WARNING - logger1 warning message
2020-03-31 18:21:38,931 - mylogger - ERROR - logger1 error message
2020-03-31 18:21:38,931 - mylogger - CRITICAL - logger1 critical message
2020-03-31 18:21:52,905 - mylogger - DEBUG - logger1 debug message
2020-03-31 18:21:52,905 - mylogger - INFO - logger1 info message
2020-03-31 18:21:52,905 - mylogger - WARNING - logger1 warning message
2020-03-31 18:21:52,905 - mylogger - ERROR - logger1 error message
2020-03-31 18:21:52,905 - mylogger - CRITICAL - logger1 critical message
2020-03-31 18:22:06,254 - mylogger - DEBUG - logger1 debug message
2020-03-31 18:22:06,255 - mylogger - INFO - logger1 info message
2020-03-31 18:22:06,255 - mylogger - WARNING - logger1 warning message
2020-03-31 18:22:06,255 - mylogger - ERROR - logger1 error message
2020-03-31 18:22:06,255 - mylogger - CRITICAL - logger1 critical message
logger1 debug message
logger1 info message
logger1 warning message
logger1 error message
logger1 critical message
logger1 debug message
logger1 info message
logger1 warning message
logger1 error message
logger1 critical message
logger1 info message
logger1 warning message
logger1 error message
logger1 critical message
logger1 debug message
logger1 info message
logger1 warning message
logger1 error message
logger1 critical message
logger1 debug message
logger1 info message
logger1 warning message
logger1 debug message
logger1 info message
logger1 warning message
logger1 debug message
logger1 info message
logger1 warning message
logger1 error message
logger1 critical message
logger1 debug message
logger1 info message
logger1 warning message
logger1 error message
logger1 critical message
logger1 warning message
logger1 error message
logger1 critical message
2020-03-31 18:35:28,275 - mylogger - DEBUG - logger1 debug message
2020-03-31 18:35:28,275 - mylogger - INFO - logger1 info message
2020-03-31 18:35:28,275 - mylogger - WARNING - logger1 warning message
2020-03-31 18:35:28,276 - mylogger - ERROR - logger1 error message
2020-03-31 18:35:28,276 - mylogger - CRITICAL - logger1 critical message
2020-03-31 18:35:42,690 - mylogger - WARNING - logger1 warning message
2020-03-31 18:36:37,684 - mylogger - DEBUG - logger1 debug message
2020-03-31 18:37:44,994 - mylogger - DEBUG - logger1 debug message2020-03-31 18:39:57,218 - mylogger - DEBUG - logger1 debug message
2020-03-31 18:39:57,218 - mylogger - INFO - logger1 info message
2020-03-31 18:39:57,218 - mylogger - WARNING - logger1 warning message
2020-03-31 18:39:57,218 - mylogger - ERROR - logger1 error message
2020-03-31 18:39:57,218 - mylogger - CRITICAL - logger1 critical message
2020-03-31 18:40:07,011 - mylogger - DEBUG - logger1 debug message
2020-03-31 18:42:38,887 - mylogger - DEBUG - logger1 debug message
2020-03-31 18:58:41,125 - mylogger - WARNING - logger1 warning message
2020-03-31 18:58:41,125 - mylogger - ERROR - logger1 error message
2020-03-31 18:58:41,125 - mylogger - CRITICAL - logger1 critical message
2020-03-31 18:58:51,950 - mylogger - WARNING - logger1 warning message
2020-03-31 18:58:51,950 - mylogger - ERROR - logger1 error message
2020-03-31 18:58:51,950 - mylogger - CRITICAL - logger1 critical message
2020-04-01 16:53:54,068 - mylogger - WARNING - logger1 warning message
2020-04-01 16:53:54,068 - mylogger - ERROR - logger1 error message
2020-04-01 16:53:54,068 - mylogger - CRITICAL - logger1 critical message
2020-04-01 16:54:05,359 - mylogger - WARNING - logger1 warning message
2020-04-01 16:54:05,359 - mylogger - ERROR - logger1 error message
2020-04-01 16:54:05,359 - mylogger - CRITICAL - logger1 critical message
2020-04-01 16:54:17,425 - mylogger - WARNING - logger1 warning message
2020-04-01 16:54:17,425 - mylogger - ERROR - logger1 error message
2020-04-01 16:54:17,425 - mylogger - CRITICAL - logger1 critical message
